yarn run v1.22.22
$ next build
▲ Next.js 16.2.3 (Turbopack)

  Creating an optimized production build ...
✓ Compiled successfully in 11.1s
  Running TypeScript ...
  Finished TypeScript in 6.4s ...
  Collecting page data using 5 workers ...
  Generating static pages using 5 workers (0/5) ...
  Generating static pages using 5 workers (1/5) 
  Generating static pages using 5 workers (2/5) 
  Generating static pages using 5 workers (3/5) 
✓ Generating static pages using 5 workers (5/5) in 1550ms
  Finalizing page optimization ...

Route (app)
┌ ○ /_not-found
└ ● /[locale]
  ├ /vi
  └ /en


ƒ Proxy (Middleware)

○  (Static)  prerendered as static content
●  (SSG)     prerendered as static HTML (uses generateStaticParams)

Done in 23.82s.
